2026/05/30 20:43:23 🚀 Starting Dagangly API Server
2026/05/30 20:43:23 📋 Configuration loaded:
2026/05/30 20:43:23    - Port: 5000
2026/05/30 20:43:23    - NodeEnv: development
2026/05/30 20:43:23    - MongoDB: mongodb+sr***e=Cluster0
2026/05/30 20:43:23 🔗 Connecting to MongoDB...
✅ Created 2dsphere index on users.location
✅ Created 2dsphere index on products.location
✅ Created index on products.seller,createdAt
✅ Created index on notifications.userId,createdAt
✅ Created index on notifications.userId,isRead
✅ Created index on wishlists.userId,updatedAt
✅ Created index on wishlists.shareLink
✅ Created index on device_tokens.userId
✅ Created index on device_tokens.token
✅ Created index on cart_abandonments.userId,status
✅ Created index on wallets.userId
✅ Created index on video_rooms.hostId
✅ Created index on video_rooms.participantId
✅ Connected to MongoDB
2026/05/30 20:43:24 ✅ MongoDB connected successfully
2026/05/30 20:43:24 ⚠️  REDIS_URL not set, Redis will not be available
2026/05/30 20:43:24 ⚠️ Redis not available - using in-memory fallback
🔥 Firebase Admin SDK initialized
[GIN-debug] [WARNING] Creating an Engine instance with the Logger and Recovery middleware already attached.

[GIN-debug] [WARNING] Running in "debug" mode. Switch to "release" mode in production.
 - using env:	export GIN_MODE=release
 - using code:	gin.SetMode(gin.ReleaseMode)

[GIN-debug] GET    /uploads/*filepath        --> github.com/gin-gonic/gin.(*RouterGroup).createStaticHandler.func1 (4 handlers)
[GIN-debug] HEAD   /uploads/*filepath        --> github.com/gin-gonic/gin.(*RouterGroup).createStaticHandler.func1 (4 handlers)
[GIN-debug] GET    /                         --> main.main.func1 (4 handlers)
[GIN-debug] GET    /api/health               --> main.main.func2 (4 handlers)
2026/05/30 20:43:24 ✅ Websocket initialized
[GIN-debug] GET    /ws                       --> msme-marketplace/internal/websocket.(*Hub).HandleWebSocket-fm (4 handlers)
2026/05/30 20:43:24 🔧 Initializing handlers...
2026/05/30 20:43:24 ✅ Handlers initialized
[GIN-debug] POST   /api/auth/register        --> msme-marketplace/internal/handlers.(*AuthHandler).Register-fm (4 handlers)
[GIN-debug] POST   /api/auth/login           --> msme-marketplace/internal/handlers.(*AuthHandler).Login-fm (4 handlers)
[GIN-debug] POST   /api/auth/social-login    --> msme-marketplace/internal/handlers.(*AuthHandler).SocialLogin-fm (4 handlers)
[GIN-debug] GET    /api/users/profile        --> msme-marketplace/internal/handlers.(*UserHandler).GetProfile-fm (5 handlers)
[GIN-debug] PUT    /api/users/profile        --> msme-marketplace/internal/handlers.(*UserHandler).UpdateProfile-fm (5 handlers)
[GIN-debug] POST   /api/users/seller/qris    --> msme-marketplace/internal/handlers.(*UserHandler).UploadSellerQris-fm (5 handlers)
[GIN-debug] GET    /api/users/saved-products --> msme-marketplace/internal/handlers.(*UserHandler).GetSavedProducts-fm (5 handlers)
[GIN-debug] POST   /api/users/saved-products/:productId --> msme-marketplace/internal/handlers.(*UserHandler).SaveProduct-fm (5 handlers)
[GIN-debug] DELETE /api/users/saved-products/:productId --> msme-marketplace/internal/handlers.(*UserHandler).UnsaveProduct-fm (5 handlers)
[GIN-debug] GET    /api/users/saved-products/check/:productId --> msme-marketplace/internal/handlers.(*UserHandler).CheckSavedProduct-fm (5 handlers)
[GIN-debug] GET    /api/users/membership/status --> msme-marketplace/internal/handlers.(*UserHandler).GetMembershipStatus-fm (5 handlers)
[GIN-debug] POST   /api/users/membership/payment --> msme-marketplace/internal/handlers.(*UserHandler).SubmitMembershipPayment-fm (5 handlers)
[GIN-debug] GET    /api/users/instagram/status --> msme-marketplace/internal/handlers.InstagramStatus (5 handlers)
[GIN-debug] GET    /api/users/instagram/connect --> msme-marketplace/internal/handlers.InstagramConnect (5 handlers)
[GIN-debug] GET    /api/users/instagram/callback --> msme-marketplace/internal/handlers.InstagramCallback (5 handlers)
[GIN-debug] POST   /api/users/instagram/disconnect --> msme-marketplace/internal/handlers.InstagramDisconnect (5 handlers)
[GIN-debug] POST   /api/users/instagram/set-default --> msme-marketplace/internal/handlers.InstagramSetDefault (5 handlers)
[GIN-debug] POST   /api/users/instagram/preference --> msme-marketplace/internal/handlers.InstagramSetPostPreference (5 handlers)
[GIN-debug] GET    /api/users/instagram/preference --> msme-marketplace/internal/handlers.GetInstagramPostPreference (5 handlers)
[GIN-debug] GET    /api/users/social-links   --> msme-marketplace/internal/handlers.GetSocialLinks (5 handlers)
[GIN-debug] PUT    /api/users/social-links   --> msme-marketplace/internal/handlers.UpdateSocialLinks (5 handlers)
[GIN-debug] POST   /api/users/social-links   --> msme-marketplace/internal/handlers.AddSocialLink (5 handlers)
[GIN-debug] DELETE /api/users/social-links   --> msme-marketplace/internal/handlers.RemoveSocialLink (5 handlers)
[GIN-debug] POST   /api/users/register-business --> msme-marketplace/internal/handlers.(*UserHandler).RegisterBusiness-fm (5 handlers)
[GIN-debug] GET    /api/users/registration-status --> msme-marketplace/internal/handlers.(*UserHandler).GetRegistrationStatus-fm (5 handlers)
[GIN-debug] GET    /api/admin/membership/pending --> msme-marketplace/internal/handlers.(*UserHandler).GetPendingMemberships-fm (5 handlers)
[GIN-debug] POST   /api/admin/membership/approve/:memberId --> msme-marketplace/internal/handlers.(*UserHandler).ApproveMembership-fm (5 handlers)
[GIN-debug] POST   /api/admin/membership/reject/:memberId --> msme-marketplace/internal/handlers.(*UserHandler).RejectMembership-fm (5 handlers)
[GIN-debug] POST   /api/admin/membership/extend/:memberId --> msme-marketplace/internal/handlers.(*UserHandler).ExtendMembership-fm (5 handlers)
[GIN-debug] GET    /api/admin/dashboard      --> msme-marketplace/internal/handlers.(*AdminHandler).GetDashboardStats-fm (5 handlers)
[GIN-debug] GET    /api/admin/revenue        --> msme-marketplace/internal/handlers.(*AdminHandler).GetRevenueReport-fm (5 handlers)
[GIN-debug] GET    /api/admin/users          --> msme-marketplace/internal/handlers.(*AdminHandler).GetUsers-fm (5 handlers)
[GIN-debug] PUT    /api/admin/users/:id/role --> msme-marketplace/internal/handlers.(*AdminHandler).UpdateUserRole-fm (5 handlers)
[GIN-debug] POST   /api/admin/users/:id/ban  --> msme-marketplace/internal/handlers.(*AdminHandler).BanUser-fm (5 handlers)
[GIN-debug] GET    /api/admin/products       --> msme-marketplace/internal/handlers.(*AdminHandler).GetProducts-fm (5 handlers)
[GIN-debug] POST   /api/admin/products/:id/approve --> msme-marketplace/internal/handlers.(*AdminHandler).ApproveProduct-fm (5 handlers)
[GIN-debug] POST   /api/admin/products/:id/reject --> msme-marketplace/internal/handlers.(*AdminHandler).RejectProduct-fm (5 handlers)
[GIN-debug] DELETE /api/admin/products/:id   --> msme-marketplace/internal/handlers.(*AdminHandler).DeleteProduct-fm (5 handlers)
[GIN-debug] GET    /api/admin/orders         --> msme-marketplace/internal/handlers.(*AdminHandler).GetOrders-fm (5 handlers)
[GIN-debug] PUT    /api/admin/orders/:id/status --> msme-marketplace/internal/handlers.(*AdminHandler).UpdateOrderStatus-fm (5 handlers)
[GIN-debug] GET    /api/admin/disputes       --> msme-marketplace/internal/handlers.(*AdminHandler).GetDisputes-fm (5 handlers)
[GIN-debug] PUT    /api/admin/disputes/:id/resolve --> msme-marketplace/internal/handlers.(*AdminHandler).ResolveDispute-fm (5 handlers)
[GIN-debug] GET    /api/admin/registrations/pending --> msme-marketplace/internal/handlers.(*AdminHandler).GetPendingRegistrations-fm (5 handlers)
[GIN-debug] POST   /api/admin/registrations/:id/approve --> msme-marketplace/internal/handlers.(*AdminHandler).ApproveRegistration-fm (5 handlers)
[GIN-debug] POST   /api/admin/registrations/:id/deny --> msme-marketplace/internal/handlers.(*AdminHandler).DenyRegistration-fm (5 handlers)
[GIN-debug] GET    /api/users/sellers/count  --> msme-marketplace/internal/handlers.(*UserHandler).GetSellersCount-fm (4 handlers)
[GIN-debug] GET    /api/users/nearby-sellers --> msme-marketplace/internal/handlers.(*UserHandler).GetNearbySellers-fm (4 handlers)
[GIN-debug] GET    /api/users/seller/:id     --> msme-marketplace/internal/handlers.(*UserHandler).GetSellerByID-fm (4 handlers)
[GIN-debug] GET    /api/users/:id/social-links --> msme-marketplace/internal/handlers.GetSocialLinks (4 handlers)
[GIN-debug] GET    /api/navigation/route     --> msme-marketplace/internal/handlers.(*NavigationHandler).GetRoute-fm (4 handlers)
[GIN-debug] GET    /api/products             --> msme-marketplace/internal/handlers.(*ProductHandler).GetProducts-fm (4 handlers)
[GIN-debug] GET    /api/products/categories/counts --> msme-marketplace/internal/handlers.(*ProductHandler).GetCategoryCounts-fm (4 handlers)
[GIN-debug] GET    /api/products/seller/:sellerId --> msme-marketplace/internal/handlers.(*ProductHandler).GetProductsBySeller-fm (4 handlers)
[GIN-debug] GET    /api/products/:id         --> msme-marketplace/internal/handlers.(*ProductHandler).GetProductByID-fm (4 handlers)
[GIN-debug] POST   /api/products             --> msme-marketplace/internal/handlers.(*ProductHandler).CreateProduct-fm (5 handlers)
[GIN-debug] PUT    /api/products/:id         --> msme-marketplace/internal/handlers.(*ProductHandler).UpdateProduct-fm (5 handlers)
[GIN-debug] DELETE /api/products/:id         --> msme-marketplace/internal/handlers.(*ProductHandler).DeleteProduct-fm (5 handlers)
[GIN-debug] GET    /api/products/my-products --> msme-marketplace/internal/handlers.(*ProductHandler).GetMyProducts-fm (5 handlers)
[GIN-debug] GET    /api/products/low-stock   --> msme-marketplace/internal/handlers.(*ProductHandler).GetLowStockProducts-fm (5 handlers)
[GIN-debug] POST   /api/products/:id/adjust-stock --> msme-marketplace/internal/handlers.(*ProductHandler).AdjustStock-fm (5 handlers)
[GIN-debug] GET    /api/projects             --> msme-marketplace/internal/handlers.(*ProjectHandler).GetProjects-fm (4 handlers)
[GIN-debug] GET    /api/projects/:id         --> msme-marketplace/internal/handlers.(*ProjectHandler).GetProjectByID-fm (4 handlers)
[GIN-debug] POST   /api/projects             --> msme-marketplace/internal/handlers.(*ProjectHandler).CreateProject-fm (4 handlers)
[GIN-debug] PUT    /api/projects/:id         --> msme-marketplace/internal/handlers.(*ProjectHandler).UpdateProject-fm (5 handlers)
[GIN-debug] DELETE /api/projects/:id         --> msme-marketplace/internal/handlers.(*ProjectHandler).DeleteProject-fm (5 handlers)
[GIN-debug] GET    /api/projects/my-projects --> msme-marketplace/internal/handlers.(*ProjectHandler).GetMyProjects-fm (5 handlers)
[GIN-debug] POST   /api/product-images/process --> msme-marketplace/internal/handlers.(*ProductImageHandler).ProcessImage-fm (5 handlers)
[GIN-debug] POST   /api/product-images/preview-enhance --> msme-marketplace/internal/handlers.(*ProductImageHandler).PreviewEnhance-fm (5 handlers)
[GIN-debug] DELETE /api/product-images/cleanup --> msme-marketplace/internal/handlers.(*ProductImageHandler).Cleanup-fm (5 handlers)
[GIN-debug] POST   /api/orders               --> msme-marketplace/internal/handlers.(*OrderHandler).CreateOrder-fm (5 handlers)
[GIN-debug] GET    /api/orders/my-orders     --> msme-marketplace/internal/handlers.(*OrderHandler).GetMyOrders-fm (5 handlers)
[GIN-debug] GET    /api/orders/:id           --> msme-marketplace/internal/handlers.(*OrderHandler).GetOrderByID-fm (5 handlers)
[GIN-debug] PUT    /api/orders/:id/status    --> msme-marketplace/internal/handlers.(*OrderHandler).UpdateOrderStatus-fm (5 handlers)
[GIN-debug] PUT    /api/orders/:id/payment   --> msme-marketplace/internal/handlers.(*OrderHandler).UpdatePayment-fm (5 handlers)
[GIN-debug] POST   /api/orders/:id/payment-proof --> msme-marketplace/internal/handlers.(*OrderHandler).UploadPaymentProof-fm (5 handlers)
[GIN-debug] PUT    /api/orders/:id/seller-response --> msme-marketplace/internal/handlers.(*OrderHandler).SellerResponse-fm (5 handlers)
[GIN-debug] PUT    /api/orders/:id/buyer-confirm --> msme-marketplace/internal/handlers.(*OrderHandler).BuyerConfirm-fm (5 handlers)
[GIN-debug] GET    /api/orders/:id/chat-room --> msme-marketplace/internal/handlers.(*OrderHandler).GetOrderChatRoom-fm (5 handlers)
[GIN-debug] GET    /api/orders/seller/product-tracking --> msme-marketplace/internal/handlers.(*OrderHandler).GetProductTracking-fm (5 handlers)
[GIN-debug] POST   /api/orders/:id/driver/location --> msme-marketplace/internal/handlers.(*OrderHandler).UpdateDriverLocation-fm (5 handlers)
[GIN-debug] GET    /api/orders/:id/driver/location --> msme-marketplace/internal/handlers.(*OrderHandler).GetDriverLocation-fm (5 handlers)
[GIN-debug] POST   /api/orders/:id/driver/assign --> msme-marketplace/internal/handlers.(*OrderHandler).AssignDriver-fm (5 handlers)
[GIN-debug] GET    /api/orders/:id/timeline  --> msme-marketplace/internal/handlers.(*OrderHandler).GetOrderTimeline-fm (5 handlers)
[GIN-debug] POST   /api/payments/create      --> msme-marketplace/internal/handlers.(*PaymentHandler).CreatePayment-fm (5 handlers)
[GIN-debug] GET    /api/payments/:orderId/status --> msme-marketplace/internal/handlers.(*PaymentHandler).GetPaymentStatus-fm (5 handlers)
[GIN-debug] POST   /api/webhooks/midtrans    --> msme-marketplace/internal/handlers.(*PaymentHandler).MidtransWebhook-fm (4 handlers)
[GIN-debug] POST   /api/devices/register     --> msme-marketplace/internal/handlers.(*DeviceHandler).RegisterDevice-fm (5 handlers)
[GIN-debug] DELETE /api/devices/:token       --> msme-marketplace/internal/handlers.(*DeviceHandler).UnregisterDevice-fm (5 handlers)
[GIN-debug] GET    /api/devices              --> msme-marketplace/internal/handlers.(*DeviceHandler).GetRegisteredDevices-fm (5 handlers)
[GIN-debug] PUT    /api/devices/push-token   --> msme-marketplace/internal/handlers.(*DeviceHandler).UpdatePushToken-fm (5 handlers)
[GIN-debug] POST   /api/cart-abandonment/track --> msme-marketplace/internal/handlers.(*CartAbandonmentHandler).TrackCartAbandonment-fm (5 handlers)
[GIN-debug] POST   /api/cart-abandonment/recovered --> msme-marketplace/internal/handlers.(*CartAbandonmentHandler).MarkCartRecovered-fm (5 handlers)
[GIN-debug] GET    /api/cart-abandonment     --> msme-marketplace/internal/handlers.(*CartAbandonmentHandler).GetAbandonedCarts-fm (5 handlers)
[GIN-debug] POST   /api/driver/toggle        --> msme-marketplace/internal/handlers.(*DriverHandler).ToggleDriverMode-fm (5 handlers)
[GIN-debug] GET    /api/driver/profile       --> msme-marketplace/internal/handlers.(*DriverHandler).GetDriverProfile-fm (5 handlers)
[GIN-debug] PUT    /api/driver/profile       --> msme-marketplace/internal/handlers.(*DriverHandler).UpdateDriverProfile-fm (5 handlers)
[GIN-debug] PUT    /api/driver/location      --> msme-marketplace/internal/handlers.(*DriverHandler).UpdateDriverLocation-fm (5 handlers)
[GIN-debug] PUT    /api/driver/push-token    --> msme-marketplace/internal/handlers.(*DriverHandler).SavePushToken-fm (5 handlers)
[GIN-debug] GET    /api/driver/stats         --> msme-marketplace/internal/handlers.(*DriverHandler).GetDriverStats-fm (5 handlers)
[GIN-debug] GET    /api/driver/available-orders --> msme-marketplace/internal/handlers.(*DriverHandler).GetAvailableOrders-fm (5 handlers)
[GIN-debug] POST   /api/driver/claim/:id     --> msme-marketplace/internal/handlers.(*DriverHandler).ClaimOrder-fm (5 handlers)
[GIN-debug] GET    /api/driver/active-delivery --> msme-marketplace/internal/handlers.(*DriverHandler).GetActiveDelivery-fm (5 handlers)
[GIN-debug] POST   /api/driver/status/:id    --> msme-marketplace/internal/handlers.(*DriverHandler).UpdateDeliveryStatus-fm (5 handlers)
[GIN-debug] POST   /api/driver/complete/:id  --> msme-marketplace/internal/handlers.(*DriverHandler).CompleteDelivery-fm (5 handlers)
[GIN-debug] GET    /api/driver/history       --> msme-marketplace/internal/handlers.(*DriverHandler).GetDeliveryHistory-fm (5 handlers)
[GIN-debug] GET    /api/driver/earnings      --> msme-marketplace/internal/handlers.(*DriverHandler).GetEarningsHistory-fm (5 handlers)
[GIN-debug] POST   /api/driver-rating/:orderId --> msme-marketplace/internal/handlers.(*DriverHandler).RateDriver-fm (5 handlers)
[GIN-debug] POST   /api/chat/rooms           --> msme-marketplace/internal/handlers.(*ChatHandler).CreateChatRoom-fm (5 handlers)
[GIN-debug] POST   /api/chat/rooms/direct    --> msme-marketplace/internal/handlers.(*ChatHandler).CreateDirectChatRoom-fm (5 handlers)
[GIN-debug] GET    /api/chat/rooms           --> msme-marketplace/internal/handlers.(*ChatHandler).GetChatRooms-fm (5 handlers)
[GIN-debug] DELETE /api/chat/rooms/:roomId   --> msme-marketplace/internal/handlers.(*ChatHandler).HideChatRoom-fm (5 handlers)
[GIN-debug] GET    /api/chat/rooms/direct/my-stores --> msme-marketplace/internal/handlers.(*ChatHandler).GetMyStores-fm (5 handlers)
[GIN-debug] GET    /api/chat/rooms/direct/my-customers --> msme-marketplace/internal/handlers.(*ChatHandler).GetMyCustomers-fm (5 handlers)
[GIN-debug] GET    /api/chat/rooms/:roomId/messages --> msme-marketplace/internal/handlers.(*ChatHandler).GetMessages-fm (5 handlers)
[GIN-debug] POST   /api/chat/rooms/:roomId/messages --> msme-marketplace/internal/handlers.(*ChatHandler).SendMessage-fm (5 handlers)
[GIN-debug] GET    /api/chat/rooms/:roomId/unread-count --> msme-marketplace/internal/handlers.(*ChatHandler).GetUnreadCount-fm (5 handlers)
[GIN-debug] GET    /api/forum                --> msme-marketplace/internal/handlers.(*ForumHandler).GetThreads-fm (4 handlers)
[GIN-debug] GET    /api/forum/:id            --> msme-marketplace/internal/handlers.(*ForumHandler).GetThread-fm (4 handlers)
[GIN-debug] POST   /api/forum                --> msme-marketplace/internal/handlers.(*ForumHandler).CreateThread-fm (5 handlers)
[GIN-debug] PUT    /api/forum/:id            --> msme-marketplace/internal/handlers.(*ForumHandler).UpdateThread-fm (5 handlers)
[GIN-debug] DELETE /api/forum/:id            --> msme-marketplace/internal/handlers.(*ForumHandler).DeleteThread-fm (5 handlers)
[GIN-debug] POST   /api/forum/:id/reply      --> msme-marketplace/internal/handlers.(*ForumHandler).CreateReply-fm (5 handlers)
[GIN-debug] POST   /api/forum/:id/like       --> msme-marketplace/internal/handlers.(*ForumHandler).LikeThread-fm (5 handlers)
[GIN-debug] POST   /api/forum/reply/:id/like --> msme-marketplace/internal/handlers.(*ForumHandler).LikeReply-fm (5 handlers)
[GIN-debug] GET    /api/workflows            --> msme-marketplace/internal/handlers.(*WorkflowHandler).GetWorkflows-fm (5 handlers)
[GIN-debug] POST   /api/workflows            --> msme-marketplace/internal/handlers.(*WorkflowHandler).CreateWorkflow-fm (5 handlers)
[GIN-debug] PATCH  /api/workflows/:id/toggle --> msme-marketplace/internal/handlers.(*WorkflowHandler).ToggleWorkflow-fm (5 handlers)
[GIN-debug] DELETE /api/workflows/:id        --> msme-marketplace/internal/handlers.(*WorkflowHandler).DeleteWorkflow-fm (5 handlers)
[GIN-debug] POST   /api/webhooks/n8n/callback --> msme-marketplace/internal/handlers.(*WebhookHandler).N8nCallback-fm (4 handlers)
[GIN-debug] POST   /api/webhooks/test        --> msme-marketplace/internal/handlers.(*WebhookHandler).TestWebhook-fm (5 handlers)
[GIN-debug] POST   /api/logo/generate        --> msme-marketplace/internal/handlers.(*LogoHandler).GenerateLogo-fm (5 handlers)
[GIN-debug] GET    /api/logo/history         --> msme-marketplace/internal/handlers.(*LogoHandler).GetLogoHistory-fm (5 handlers)
[GIN-debug] GET    /api/logo/status          --> msme-marketplace/internal/handlers.(*LogoHandler).GetLogoStatus-fm (5 handlers)
[GIN-debug] POST   /api/logo/reset-limit     --> msme-marketplace/internal/handlers.(*LogoHandler).ResetLogoLimit-fm (5 handlers)
[GIN-debug] PUT    /api/logo/select/:logoId  --> msme-marketplace/internal/handlers.(*LogoHandler).SelectLogo-fm (5 handlers)
[GIN-debug] DELETE /api/logo/:logoId         --> msme-marketplace/internal/handlers.(*LogoHandler).DeleteLogo-fm (5 handlers)
[GIN-debug] POST   /api/logo/upload          --> msme-marketplace/internal/handlers.(*LogoHandler).UploadCustomLogo-fm (5 handlers)
[GIN-debug] GET    /api/business/my          --> msme-marketplace/internal/handlers.(*BusinessHandler).GetMyBusiness-fm (5 handlers)
[GIN-debug] POST   /api/business             --> msme-marketplace/internal/handlers.(*BusinessHandler).CreateBusiness-fm (5 handlers)
[GIN-debug] PUT    /api/business             --> msme-marketplace/internal/handlers.(*BusinessHandler).UpdateBusiness-fm (5 handlers)
[GIN-debug] PUT    /api/business/logo        --> msme-marketplace/internal/handlers.(*BusinessHandler).UpdateBusinessLogo-fm (5 handlers)
[GIN-debug] DELETE /api/business             --> msme-marketplace/internal/handlers.(*BusinessHandler).DeleteBusiness-fm (5 handlers)
[GIN-debug] GET    /api/business/:id         --> msme-marketplace/internal/handlers.(*BusinessHandler).GetBusinessByID-fm (4 handlers)
[GIN-debug] GET    /api/notifications        --> msme-marketplace/internal/handlers.(*NotificationHandler).GetNotifications-fm (5 handlers)
[GIN-debug] GET    /api/notifications/unread-count --> msme-marketplace/internal/handlers.(*NotificationHandler).GetUnreadCount-fm (5 handlers)
[GIN-debug] PUT    /api/notifications/:id/read --> msme-marketplace/internal/handlers.(*NotificationHandler).MarkAsRead-fm (5 handlers)
[GIN-debug] PUT    /api/notifications/read-all --> msme-marketplace/internal/handlers.(*NotificationHandler).MarkAllRead-fm (5 handlers)
[GIN-debug] DELETE /api/notifications/:id    --> msme-marketplace/internal/handlers.(*NotificationHandler).Delete-fm (5 handlers)
[GIN-debug] DELETE /api/notifications/delete-all --> msme-marketplace/internal/handlers.(*NotificationHandler).DeleteAll-fm (5 handlers)
[GIN-debug] POST   /api/notifications/test   --> msme-marketplace/internal/handlers.(*NotificationHandler).SendTestNotification-fm (5 handlers)
[GIN-debug] GET    /api/products/:id/reviews --> msme-marketplace/internal/handlers.(*ReviewHandler).GetProductReviews-fm (4 handlers)
[GIN-debug] POST   /api/reviews              --> msme-marketplace/internal/handlers.(*ReviewHandler).CreateReview-fm (5 handlers)
[GIN-debug] GET    /api/reviews/mine         --> msme-marketplace/internal/handlers.(*ReviewHandler).GetMyReviews-fm (5 handlers)
[GIN-debug] DELETE /api/reviews/:id          --> msme-marketplace/internal/handlers.(*ReviewHandler).DeleteReview-fm (5 handlers)
[GIN-debug] POST   /api/promos               --> msme-marketplace/internal/handlers.(*PromoHandler).CreatePromo-fm (5 handlers)
[GIN-debug] GET    /api/promos               --> msme-marketplace/internal/handlers.(*PromoHandler).GetMyPromos-fm (5 handlers)
[GIN-debug] POST   /api/promos/validate      --> msme-marketplace/internal/handlers.(*PromoHandler).ValidatePromo-fm (5 handlers)
[GIN-debug] DELETE /api/promos/:id           --> msme-marketplace/internal/handlers.(*PromoHandler).DeletePromo-fm (5 handlers)
[GIN-debug] GET    /api/recommendations/recommended --> msme-marketplace/internal/handlers.(*RecommendationHandler).GetRecommendations-fm (4 handlers)
[GIN-debug] GET    /api/recommendations/trending --> msme-marketplace/internal/handlers.(*RecommendationHandler).GetTrendingProducts-fm (4 handlers)
[GIN-debug] GET    /api/recommendations/similar/:id --> msme-marketplace/internal/handlers.(*RecommendationHandler).GetSimilarProducts-fm (4 handlers)
[GIN-debug] GET    /api/recommendations/frequently-bought/:id --> msme-marketplace/internal/handlers.(*RecommendationHandler).GetFrequentlyBoughtTogether-fm (4 handlers)
[GIN-debug] POST   /api/user/view-history    --> msme-marketplace/internal/handlers.(*RecommendationHandler).RecordViewHistory-fm (5 handlers)
[GIN-debug] GET    /api/user/view-history    --> msme-marketplace/internal/handlers.(*RecommendationHandler).GetViewHistory-fm (5 handlers)
[GIN-debug] DELETE /api/user/view-history    --> msme-marketplace/internal/handlers.(*RecommendationHandler).ClearViewHistory-fm (5 handlers)
[GIN-debug] GET    /api/analytics/sales      --> msme-marketplace/internal/handlers.(*AnalyticsHandler).GetSalesAnalytics-fm (5 handlers)
[GIN-debug] GET    /api/analytics/recommended --> msme-marketplace/internal/handlers.(*AnalyticsHandler).GetRecommended-fm (5 handlers)
[GIN-debug] GET    /api/analytics/seller     --> msme-marketplace/internal/handlers.(*AnalyticsHandler).GetSellerAnalytics-fm (5 handlers)
[GIN-debug] GET    /api/analytics/customers  --> msme-marketplace/internal/handlers.(*AnalyticsHandler).GetCustomerInsights-fm (5 handlers)
[GIN-debug] GET    /api/analytics/products   --> msme-marketplace/internal/handlers.(*AnalyticsHandler).GetProductPerformance-fm (5 handlers)
[GIN-debug] POST   /api/reports              --> msme-marketplace/internal/handlers.(*ReportHandler).CreateReport-fm (5 handlers)
[GIN-debug] GET    /api/reports              --> msme-marketplace/internal/handlers.(*ReportHandler).GetReports-fm (5 handlers)
[GIN-debug] POST   /api/reports/fraud        --> msme-marketplace/internal/handlers.(*ReportHandler).CreateFraudReport-fm (5 handlers)
[GIN-debug] POST   /api/disputes             --> msme-marketplace/internal/handlers.(*ReportHandler).CreateDispute-fm (5 handlers)
[GIN-debug] GET    /api/disputes             --> msme-marketplace/internal/handlers.(*ReportHandler).GetMyDisputes-fm (5 handlers)
[GIN-debug] PUT    /api/disputes/:id/resolve --> msme-marketplace/internal/handlers.(*ReportHandler).ResolveDispute-fm (5 handlers)
[GIN-debug] POST   /api/ai/generate-description --> msme-marketplace/internal/handlers.(*AIHandler).GenerateDescription-fm (5 handlers)
[GIN-debug] POST   /api/ai/financial-consultant --> msme-marketplace/internal/handlers.(*AIHandler).FinancialConsultant-fm (5 handlers)
[GIN-debug] GET    /api/ai/finance-chats     --> msme-marketplace/internal/handlers.(*AIHandler).GetFinanceChats-fm (5 handlers)
[GIN-debug] DELETE /api/ai/finance-chats     --> msme-marketplace/internal/handlers.(*AIHandler).ClearFinanceChats-fm (5 handlers)
[GIN-debug] GET    /api/wishlists            --> msme-marketplace/internal/handlers.(*WishlistHandler).GetWishlists-fm (5 handlers)
[GIN-debug] POST   /api/wishlists            --> msme-marketplace/internal/handlers.(*WishlistHandler).CreateWishlist-fm (5 handlers)
[GIN-debug] GET    /api/wishlists/check      --> msme-marketplace/internal/handlers.(*WishlistHandler).CheckProductInWishlists-fm (5 handlers)
[GIN-debug] GET    /api/wishlists/:id        --> msme-marketplace/internal/handlers.(*WishlistHandler).GetWishlistByID-fm (5 handlers)
[GIN-debug] PUT    /api/wishlists/:id        --> msme-marketplace/internal/handlers.(*WishlistHandler).UpdateWishlist-fm (5 handlers)
[GIN-debug] DELETE /api/wishlists/:id        --> msme-marketplace/internal/handlers.(*WishlistHandler).DeleteWishlist-fm (5 handlers)
[GIN-debug] POST   /api/wishlists/:id/items  --> msme-marketplace/internal/handlers.(*WishlistHandler).AddItemToWishlist-fm (5 handlers)
[GIN-debug] DELETE /api/wishlists/:id/items/:productId --> msme-marketplace/internal/handlers.(*WishlistHandler).RemoveItemFromWishlist-fm (5 handlers)
[GIN-debug] POST   /api/wishlists/default/items --> msme-marketplace/internal/handlers.(*WishlistHandler).AddToDefaultWishlist-fm (5 handlers)
[GIN-debug] DELETE /api/wishlists/default/items/:productId --> msme-marketplace/internal/handlers.(*WishlistHandler).RemoveFromDefaultWishlist-fm (5 handlers)
[GIN-debug] GET    /api/wishlists/public/:shareLink --> msme-marketplace/internal/handlers.(*WishlistHandler).GetPublicWishlist-fm (4 handlers)
[GIN-debug] GET    /api/wallet               --> msme-marketplace/internal/handlers.(*WalletHandler).GetWallet-fm (5 handlers)
[GIN-debug] POST   /api/wallet/add-funds     --> msme-marketplace/internal/handlers.(*WalletHandler).AddFunds-fm (5 handlers)
[GIN-debug] POST   /api/wallet/deduct        --> msme-marketplace/internal/handlers.(*WalletHandler).DeductFunds-fm (5 handlers)
[GIN-debug] GET    /api/wallet/transactions  --> msme-marketplace/internal/handlers.(*WalletHandler).GetTransactions-fm (5 handlers)
[GIN-debug] POST   /api/wallet/transfer-bank --> msme-marketplace/internal/handlers.(*WalletHandler).TransferToBank-fm (5 handlers)
[GIN-debug] PUT    /api/wallet/bank-account  --> msme-marketplace/internal/handlers.(*WalletHandler).UpdateBankAccount-fm (5 handlers)
[GIN-debug] DELETE /api/wallet/bank-account  --> msme-marketplace/internal/handlers.(*WalletHandler).DeleteBankAccount-fm (5 handlers)
[GIN-debug] POST   /api/whatsapp/generate-link --> msme-marketplace/internal/handlers.(*WhatsAppHandler).GenerateWhatsAppLink-fm (4 handlers)
[GIN-debug] GET    /api/whatsapp/seller/:sellerId --> msme-marketplace/internal/handlers.(*WhatsAppHandler).GetSellerWhatsApp-fm (4 handlers)
[GIN-debug] GET    /api/finance/summary      --> msme-marketplace/internal/handlers.(*FinanceHandler).GetFinanceSummary-fm (4 handlers)
[GIN-debug] GET    /api/finance/sellers      --> msme-marketplace/internal/handlers.(*FinanceHandler).GetAllSellers-fm (4 handlers)
[GIN-debug] GET    /api/finance/products     --> msme-marketplace/internal/handlers.(*FinanceHandler).GetProductsWithFinancials-fm (4 handlers)
[GIN-debug] GET    /api/finance/products/by-seller --> msme-marketplace/internal/handlers.(*FinanceHandler).GetProductsBySeller-fm (4 handlers)
[GIN-debug] GET    /api/finance/orders/by-seller --> msme-marketplace/internal/handlers.(*FinanceHandler).GetOrdersBySeller-fm (4 handlers)
[GIN-debug] POST   /api/finance/expenses/sync --> msme-marketplace/internal/handlers.(*FinanceHandler).SyncExpenses-fm (5 handlers)
[GIN-debug] GET    /api/finance/expenses     --> msme-marketplace/internal/handlers.(*FinanceHandler).GetExpenses-fm (5 handlers)
[GIN-debug] POST   /api/finance/invoices/sync --> msme-marketplace/internal/handlers.(*FinanceHandler).SyncInvoices-fm (5 handlers)
[GIN-debug] POST   /api/finance/product-calculations --> msme-marketplace/internal/handlers.(*FinanceHandler).ProductCalculations-fm (5 handlers)
[GIN-debug] GET    /api/finance/product-calculations --> msme-marketplace/internal/handlers.(*FinanceHandler).GetProductCalculations-fm (5 handlers)
[GIN-debug] PUT    /api/finance/products/expenses --> msme-marketplace/internal/handlers.(*FinanceHandler).UpdateProductExpenses-fm (5 handlers)
[GIN-debug] POST   /api/video-call/room      --> msme-marketplace/internal/handlers.(*VideoCallHandler).CreateRoom-fm (5 handlers)
[GIN-debug] GET    /api/video-call/rooms     --> msme-marketplace/internal/handlers.(*VideoCallHandler).GetRooms-fm (5 handlers)
[GIN-debug] GET    /api/video-call/room/:roomId --> msme-marketplace/internal/handlers.(*VideoCallHandler).GetRoom-fm (5 handlers)
[GIN-debug] PUT    /api/video-call/room/:roomId/status --> msme-marketplace/internal/handlers.(*VideoCallHandler).UpdateRoomStatus-fm (5 handlers)
[GIN-debug] POST   /api/video-call/room/:roomId/end --> msme-marketplace/internal/handlers.(*VideoCallHandler).EndRoom-fm (5 handlers)
[GIN-debug] GET    /api/video-call/upcoming  --> msme-marketplace/internal/handlers.(*VideoCallHandler).GetUpcomingCalls-fm (5 handlers)
[GIN-debug] POST   /api/installments/calculate --> msme-marketplace/internal/handlers.(*InstallmentHandler).CalculateInstallment-fm (5 handlers)
[GIN-debug] POST   /api/installments/create-plan --> msme-marketplace/internal/handlers.(*InstallmentHandler).CreateInstallmentPlan-fm (5 handlers)
[GIN-debug] GET    /api/installments/my      --> msme-marketplace/internal/handlers.(*InstallmentHandler).GetMyInstallments-fm (5 handlers)
[GIN-debug] GET    /api/installments/plan/:planId --> msme-marketplace/internal/handlers.(*InstallmentHandler).GetInstallmentPlan-fm (5 handlers)
[GIN-debug] POST   /api/installments/plan/:planId/pay --> msme-marketplace/internal/handlers.(*InstallmentHandler).PayInstallment-fm (5 handlers)
2026/05/30 20:43:24 ✅ Database indexes ensured
2026/05/30 20:43:24 🚀 About to start server on port 5000
🚀 Server running on port 5000
[GIN-debug] [WARNING] You trusted all proxies, this is NOT safe. We recommend you to set a value.
Please check https://github.com/gin-gonic/gin/blob/master/docs/doc.md#dont-trust-all-proxies for details.
[GIN-debug] Listening and serving HTTP on 0.0.0.0:5000
[GIN] 2026/05/30 - 20:45:43 | 204 |      89.135µs |             ::1 | OPTIONS  "/api/auth/social-login"
[GIN] 2026/05/30 - 20:45:44 | 200 |  392.895895ms |             ::1 | POST     "/api/auth/social-login"
[GIN] 2026/05/30 - 20:45:44 | 204 |       9.992µs |             ::1 | OPTIONS  "/api/orders/my-orders?_cb=1780148744288"
[GIN] 2026/05/30 - 20:45:44 | 204 |     774.732µs |             ::1 | OPTIONS  "/api/orders/my-orders?_cb=1780148744288"
[GIN] 2026/05/30 - 20:45:44 | 200 |   60.869642ms |             ::1 | GET      "/api/orders/my-orders?_cb=1780148744288"
[GIN] 2026/05/30 - 20:45:44 | 200 |   125.06806ms |             ::1 | GET      "/api/orders/my-orders?_cb=1780148744288"
[GIN] 2026/05/30 - 20:48:58 | 404 |       39.48µs |             ::1 | GET      "/socket.io/?token=eyJhbGciOiJIUzI1NiIsInR5cCI6IkpXVCJ9.eyJlbWFpbCI6IjA1YnJ5YW5jaGFuMDVAZ21haWwuY29tIiwiZXhwIjoxNzgwNzUzNTQ0LCJpZCI6IjZhMWFlYTA4Y2MzODZmMDg1ODc1M2JmZiIsImlzU2VsbGVyIjpmYWxzZX0.Qe8MOVIRLwP6GFzRFc6EXEYeVtH8W_oN2ATDZfnFMVg&EIO=4&transport=websocket"
[GIN] 2026/05/30 - 20:48:58 | 204 |       8.562µs |             ::1 | OPTIONS  "/api/orders/my-orders?_cb=1780148938139"
[GIN] 2026/05/30 - 20:48:58 | 204 |      13.632µs |             ::1 | OPTIONS  "/api/orders/my-orders?_cb=1780148938139"
[GIN] 2026/05/30 - 20:48:58 | 404 |       4.945µs |             ::1 | GET      "/socket.io/?token=eyJhbGciOiJIUzI1NiIsInR5cCI6IkpXVCJ9.eyJlbWFpbCI6IjA1YnJ5YW5jaGFuMDVAZ21haWwuY29tIiwiZXhwIjoxNzgwNzUzNTQ0LCJpZCI6IjZhMWFlYTA4Y2MzODZmMDg1ODc1M2JmZiIsImlzU2VsbGVyIjpmYWxzZX0.Qe8MOVIRLwP6GFzRFc6EXEYeVtH8W_oN2ATDZfnFMVg&EIO=4&transport=websocket"
[GIN] 2026/05/30 - 20:48:58 | 204 |       6.194µs |             ::1 | OPTIONS  "/api/orders/my-orders?_cb=1780148938139"
[GIN] 2026/05/30 - 20:48:58 | 204 |      39.816µs |             ::1 | OPTIONS  "/api/orders/my-orders?_cb=1780148938139"
[GIN] 2026/05/30 - 20:48:58 | 200 |     48.6699ms |             ::1 | GET      "/api/orders/my-orders?_cb=1780148938139"
[GIN] 2026/05/30 - 20:48:58 | 200 |   34.526221ms |             ::1 | GET      "/api/orders/my-orders?_cb=1780148938139"
[GIN] 2026/05/30 - 20:48:58 | 200 |   41.076521ms |             ::1 | GET      "/api/orders/my-orders?_cb=1780148938139"
[GIN] 2026/05/30 - 20:48:58 | 200 |   27.567842ms |             ::1 | GET      "/api/orders/my-orders?_cb=1780148938139"
[GIN] 2026/05/30 - 20:48:58 | 204 |       8.773µs |             ::1 | OPTIONS  "/api/products/categories/counts?_cb=1780148938355"
[GIN] 2026/05/30 - 20:48:58 | 204 |       6.789µs |             ::1 | OPTIONS  "/api/products?limit=6&sort=newest&_cb=1780148938355"
[GIN] 2026/05/30 - 20:48:58 | 204 |       9.018µs |             ::1 | OPTIONS  "/api/products/categories/counts?_cb=1780148938355"
[GIN] 2026/05/30 - 20:48:58 | 204 |       8.011µs |             ::1 | OPTIONS  "/api/products?limit=6&sort=newest&_cb=1780148938355"
[GIN] 2026/05/30 - 20:48:58 | 200 |   44.702119ms |             ::1 | GET      "/api/products/categories/counts?_cb=1780148938355"
[GIN] 2026/05/30 - 20:48:58 | 200 |   77.912498ms |             ::1 | GET      "/api/products/categories/counts?_cb=1780148938355"
[GIN] 2026/05/30 - 20:48:58 | 200 |   231.74631ms |             ::1 | GET      "/api/products?limit=6&sort=newest&_cb=1780148938355"
[GIN] 2026/05/30 - 20:48:58 | 200 |   174.07376ms |             ::1 | GET      "/api/products?limit=6&sort=newest&_cb=1780148938355"
[GIN] 2026/05/30 - 20:48:59 | 404 |       6.686µs |             ::1 | GET      "/socket.io/?token=eyJhbGciOiJIUzI1NiIsInR5cCI6IkpXVCJ9.eyJlbWFpbCI6IjA1YnJ5YW5jaGFuMDVAZ21haWwuY29tIiwiZXhwIjoxNzgwNzUzNTQ0LCJpZCI6IjZhMWFlYTA4Y2MzODZmMDg1ODc1M2JmZiIsImlzU2VsbGVyIjpmYWxzZX0.Qe8MOVIRLwP6GFzRFc6EXEYeVtH8W_oN2ATDZfnFMVg&EIO=4&transport=websocket"
[GIN] 2026/05/30 - 20:48:59 | 404 |      51.239µs |             ::1 | GET      "/socket.io/?token=eyJhbGciOiJIUzI1NiIsInR5cCI6IkpXVCJ9.eyJlbWFpbCI6IjA1YnJ5YW5jaGFuMDVAZ21haWwuY29tIiwiZXhwIjoxNzgwNzUzNTQ0LCJpZCI6IjZhMWFlYTA4Y2MzODZmMDg1ODc1M2JmZiIsImlzU2VsbGVyIjpmYWxzZX0.Qe8MOVIRLwP6GFzRFc6EXEYeVtH8W_oN2ATDZfnFMVg&EIO=4&transport=websocket"
[GIN] 2026/05/30 - 20:49:03 | 404 |       5.812µs |             ::1 | GET      "/socket.io/?token=eyJhbGciOiJIUzI1NiIsInR5cCI6IkpXVCJ9.eyJlbWFpbCI6IjA1YnJ5YW5jaGFuMDVAZ21haWwuY29tIiwiZXhwIjoxNzgwNzUzNTQ0LCJpZCI6IjZhMWFlYTA4Y2MzODZmMDg1ODc1M2JmZiIsImlzU2VsbGVyIjpmYWxzZX0.Qe8MOVIRLwP6GFzRFc6EXEYeVtH8W_oN2ATDZfnFMVg&EIO=4&transport=websocket"
[GIN] 2026/05/30 - 20:49:03 | 404 |        4.55µs |             ::1 | GET      "/socket.io/?token=eyJhbGciOiJIUzI1NiIsInR5cCI6IkpXVCJ9.eyJlbWFpbCI6IjA1YnJ5YW5jaGFuMDVAZ21haWwuY29tIiwiZXhwIjoxNzgwNzUzNTQ0LCJpZCI6IjZhMWFlYTA4Y2MzODZmMDg1ODc1M2JmZiIsImlzU2VsbGVyIjpmYWxzZX0.Qe8MOVIRLwP6GFzRFc6EXEYeVtH8W_oN2ATDZfnFMVg&EIO=4&transport=websocket"
[GIN] 2026/05/30 - 20:49:11 | 404 |      32.532µs |             ::1 | GET      "/socket.io/?token=eyJhbGciOiJIUzI1NiIsInR5cCI6IkpXVCJ9.eyJlbWFpbCI6IjA1YnJ5YW5jaGFuMDVAZ21haWwuY29tIiwiZXhwIjoxNzgwNzUzNTQ0LCJpZCI6IjZhMWFlYTA4Y2MzODZmMDg1ODc1M2JmZiIsImlzU2VsbGVyIjpmYWxzZX0.Qe8MOVIRLwP6GFzRFc6EXEYeVtH8W_oN2ATDZfnFMVg&EIO=4&transport=websocket"
[GIN] 2026/05/30 - 20:49:19 | 404 |     106.018µs |             ::1 | GET      "/socket.io/?token=eyJhbGciOiJIUzI1NiIsInR5cCI6IkpXVCJ9.eyJlbWFpbCI6IjA1YnJ5YW5jaGFuMDVAZ21haWwuY29tIiwiZXhwIjoxNzgwNzUzNTQ0LCJpZCI6IjZhMWFlYTA4Y2MzODZmMDg1ODc1M2JmZiIsImlzU2VsbGVyIjpmYWxzZX0.Qe8MOVIRLwP6GFzRFc6EXEYeVtH8W_oN2ATDZfnFMVg&EIO=4&transport=websocket"
[GIN] 2026/05/30 - 20:50:12 | 404 |      46.616µs |             ::1 | GET      "/socket.io/?token=eyJhbGciOiJIUzI1NiIsInR5cCI6IkpXVCJ9.eyJlbWFpbCI6IjA1YnJ5YW5jaGFuMDVAZ21haWwuY29tIiwiZXhwIjoxNzgwNzUzNTQ0LCJpZCI6IjZhMWFlYTA4Y2MzODZmMDg1ODc1M2JmZiIsImlzU2VsbGVyIjpmYWxzZX0.Qe8MOVIRLwP6GFzRFc6EXEYeVtH8W_oN2ATDZfnFMVg&EIO=4&transport=websocket"
[GIN] 2026/05/30 - 20:50:12 | 404 |      36.726µs |             ::1 | GET      "/socket.io/?token=eyJhbGciOiJIUzI1NiIsInR5cCI6IkpXVCJ9.eyJlbWFpbCI6IjA1YnJ5YW5jaGFuMDVAZ21haWwuY29tIiwiZXhwIjoxNzgwNzUzNTQ0LCJpZCI6IjZhMWFlYTA4Y2MzODZmMDg1ODc1M2JmZiIsImlzU2VsbGVyIjpmYWxzZX0.Qe8MOVIRLwP6GFzRFc6EXEYeVtH8W_oN2ATDZfnFMVg&EIO=4&transport=websocket"
[GIN] 2026/05/30 - 20:50:12 | 204 |       7.826µs |             ::1 | OPTIONS  "/api/orders/my-orders?_cb=1780149012813"
[GIN] 2026/05/30 - 20:50:12 | 204 |       8.808µs |             ::1 | OPTIONS  "/api/orders/my-orders?_cb=1780149012813"
[GIN] 2026/05/30 - 20:50:12 | 200 |   81.659561ms |             ::1 | GET      "/api/orders/my-orders?_cb=1780149012813"
[GIN] 2026/05/30 - 20:50:13 | 200 |  222.615375ms |             ::1 | GET      "/api/orders/my-orders?_cb=1780149012813"
[GIN] 2026/05/30 - 20:50:13 | 204 |        5.99µs |             ::1 | OPTIONS  "/api/products/categories/counts?_cb=1780149013111"
[GIN] 2026/05/30 - 20:50:13 | 204 |      10.455µs |             ::1 | OPTIONS  "/api/products?limit=6&sort=newest&_cb=1780149013111"
[GIN] 2026/05/30 - 20:50:13 | 204 |      37.113µs |             ::1 | OPTIONS  "/api/products/categories/counts?_cb=1780149013111"
[GIN] 2026/05/30 - 20:50:13 | 204 |      13.072µs |             ::1 | OPTIONS  "/api/products?limit=6&sort=newest&_cb=1780149013111"
[GIN] 2026/05/30 - 20:50:13 | 200 |    39.26097ms |             ::1 | GET      "/api/products/categories/counts?_cb=1780149013111"
[GIN] 2026/05/30 - 20:50:13 | 200 |   37.408384ms |             ::1 | GET      "/api/products/categories/counts?_cb=1780149013111"
[GIN] 2026/05/30 - 20:50:13 | 200 |  152.183969ms |             ::1 | GET      "/api/products?limit=6&sort=newest&_cb=1780149013111"
[GIN] 2026/05/30 - 20:50:13 | 200 |  292.183006ms |             ::1 | GET      "/api/orders/my-orders?_cb=1780149012813"
[GIN] 2026/05/30 - 20:50:13 | 200 |    30.54871ms |             ::1 | GET      "/api/orders/my-orders?_cb=1780149012813"
[GIN] 2026/05/30 - 20:50:13 | 200 |  150.732348ms |             ::1 | GET      "/api/products?limit=6&sort=newest&_cb=1780149013111"
[GIN] 2026/05/30 - 20:50:14 | 404 |       7.409µs |             ::1 | GET      "/socket.io/?token=eyJhbGciOiJIUzI1NiIsInR5cCI6IkpXVCJ9.eyJlbWFpbCI6IjA1YnJ5YW5jaGFuMDVAZ21haWwuY29tIiwiZXhwIjoxNzgwNzUzNTQ0LCJpZCI6IjZhMWFlYTA4Y2MzODZmMDg1ODc1M2JmZiIsImlzU2VsbGVyIjpmYWxzZX0.Qe8MOVIRLwP6GFzRFc6EXEYeVtH8W_oN2ATDZfnFMVg&EIO=4&transport=websocket"
[GIN] 2026/05/30 - 20:50:14 | 404 |       8.895µs |             ::1 | GET      "/socket.io/?token=eyJhbGciOiJIUzI1NiIsInR5cCI6IkpXVCJ9.eyJlbWFpbCI6IjA1YnJ5YW5jaGFuMDVAZ21haWwuY29tIiwiZXhwIjoxNzgwNzUzNTQ0LCJpZCI6IjZhMWFlYTA4Y2MzODZmMDg1ODc1M2JmZiIsImlzU2VsbGVyIjpmYWxzZX0.Qe8MOVIRLwP6GFzRFc6EXEYeVtH8W_oN2ATDZfnFMVg&EIO=4&transport=websocket"
[GIN] 2026/05/30 - 20:50:18 | 404 |      11.743µs |             ::1 | GET      "/socket.io/?token=null&EIO=4&transport=websocket"
[GIN] 2026/05/30 - 20:50:18 | 404 |       8.903µs |             ::1 | GET      "/socket.io/?token=null&EIO=4&transport=websocket"
[GIN] 2026/05/30 - 20:50:34 | 404 |       4.273µs |             ::1 | GET      "/socket.io/?token=null&EIO=4&transport=websocket"
[GIN] 2026/05/30 - 20:50:34 | 404 |         3.7µs |             ::1 | GET      "/socket.io/?token=null&EIO=4&transport=websocket"
